src/App.tsx(210,26): error TS2739: Type '{ dailyPnlMap: Record<string, number>; currentMonth: Date; setCurrentMonth: (d: Date) => void; onDateClick: (d: string) => void; monthlyStats: { pnl: number; winRate: number; count: number; }; ... 33 more ...; retrySync: () => Promise<...>; }' is missing the following properties from type 'JournalPageProps': showPurePnl, setShowPurePnl
src/features/dashboard/components/StatsTab.tsx(50,19): error TS7053: Element implicitly has an 'any' type because expression of type 'any' can't be used to index type '{ zh: { stats: string; journal: string; logs: string; settings: string; initialCapital: string; currentEquity: string; newPeak: string; drawdown: string; currentDD: string; winRate: string; profitFactor: string; ... 139 more ...; share_generating: string; }; en: { ...; }; }'.
